<?xml version="1.0" encoding="utf-8"?>
<Types Version="1.20.255.0">
  <Type AssemblyQualifiedName="Neo.ApplicationFramework.Controls.Label, Controls, Version=2.41.177.0, Culture=neutral, PublicKeyToken=null" />
  <Type AssemblyQualifiedName="Neo.ApplicationFramework.Controls.AnalogNumericFX, Controls, Version=2.41.177.0, Culture=neutral, PublicKeyToken=null" />
</Types>